[0.209s] DEBUG:colcon:Command line arguments: ['/usr/bin/colcon', 'build', '--packages-select', 'two_d_lidar_mapping_with_slam']
[0.209s] DEBUG:colcon:Parsed command line arguments: Namespace(log_base=None, log_level=None, verb_name='build', build_base='build', install_base='install', merge_install=False, symlink_install=False, test_result_base=None, continue_on_error=False, executor='parallel', parallel_workers=20, event_handlers=None, ignore_user_meta=False, metas=['./colcon.meta'], base_paths=['.'], packages_ignore=None, packages_ignore_regex=None, paths=None, packages_up_to=None, packages_up_to_regex=None, packages_above=None, packages_above_and_dependencies=None, packages_above_depth=None, packages_select_by_dep=None, packages_skip_by_dep=None, packages_skip_up_to=None, packages_select_build_failed=False, packages_skip_build_finished=False, packages_select_test_failures=False, packages_skip_test_passed=False, packages_select=['two_d_lidar_mapping_with_slam'], packages_skip=None, packages_select_regex=None, packages_skip_regex=None, packages_start=None, packages_end=None, allow_overriding=[], cmake_args=None, cmake_target=None, cmake_target_skip_unavailable=False, cmake_clean_cache=False, cmake_clean_first=False, cmake_force_configure=False, ament_cmake_args=None, catkin_cmake_args=None, catkin_skip_building_tests=False, mixin_files=None, mixin=None, verb_parser=<colcon_mixin.mixin.mixin_argument.MixinArgumentDecorator object at 0x70b34b859cf0>, verb_extension=<colcon_core.verb.build.BuildVerb object at 0x70b34b859780>, main=<bound method BuildVerb.main of <colcon_core.verb.build.BuildVerb object at 0x70b34b859780>>, mixin_verb=('build',))
[0.481s] Level 1:colcon.colcon_core.package_discovery:discover_packages(colcon_meta) check parameters
[0.481s] Level 1:colcon.colcon_core.package_discovery:discover_packages(recursive) check parameters
[0.481s] Level 1:colcon.colcon_core.package_discovery:discover_packages(ignore) check parameters
[0.481s] Level 1:colcon.colcon_core.package_discovery:discover_packages(path) check parameters
[0.481s] Level 1:colcon.colcon_core.package_discovery:discover_packages(colcon_meta) discover
[0.481s] Level 1:colcon.colcon_core.package_discovery:discover_packages(recursive) discover
[0.481s] INFO:colcon.colcon_core.package_discovery:Crawling recursively for packages in '/home/maher/My_Projects/2D-LiDAR-Mapping-with-SLAM'
[0.481s] Level 1:colcon.colcon_core.package_identification:_identify(.) by extensions ['ignore', 'ignore_ament_install']
[0.481s] Level 1:colcon.colcon_core.package_identification:_identify(.) by extension 'ignore'
[0.481s] Level 1:colcon.colcon_core.package_identification:_identify(.) by extension 'ignore_ament_install'
[0.481s] Level 1:colcon.colcon_core.package_identification:_identify(.) by extensions ['colcon_pkg']
[0.481s] Level 1:colcon.colcon_core.package_identification:_identify(.) by extension 'colcon_pkg'
[0.481s] Level 1:colcon.colcon_core.package_identification:_identify(.) by extensions ['colcon_meta']
[0.481s] Level 1:colcon.colcon_core.package_identification:_identify(.) by extension 'colcon_meta'
[0.481s] Level 1:colcon.colcon_core.package_identification:_identify(.) by extensions ['ros']
[0.481s] Level 1:colcon.colcon_core.package_identification:_identify(.) by extension 'ros'
[0.495s] DEBUG:colcon.colcon_core.package_identification:Package '.' with type 'ros.ament_python' and name 'two_d_lidar_mapping_with_slam'
[0.495s] Level 1:colcon.colcon_core.package_discovery:discover_packages(recursive) using defaults
[0.495s] Level 1:colcon.colcon_core.package_discovery:discover_packages(ignore) discover
[0.495s] Level 1:colcon.colcon_core.package_discovery:discover_packages(ignore) using defaults
[0.495s] Level 1:colcon.colcon_core.package_discovery:discover_packages(path) discover
[0.495s] Level 1:colcon.colcon_core.package_discovery:discover_packages(path) using defaults
[0.524s] Level 1:colcon.colcon_core.package_discovery:discover_packages(prefix_path) check parameters
[0.524s] Level 1:colcon.colcon_core.package_discovery:discover_packages(prefix_path) discover
[0.528s] DEBUG:colcon.colcon_installed_package_information.package_discovery:Found 285 installed packages in /opt/ros/humble
[0.529s] Level 1:colcon.colcon_core.package_discovery:discover_packages(prefix_path) using defaults
[0.600s] Level 5:colcon.colcon_core.verb:set package 'two_d_lidar_mapping_with_slam' build argument 'cmake_args' from command line to 'None'
[0.600s] Level 5:colcon.colcon_core.verb:set package 'two_d_lidar_mapping_with_slam' build argument 'cmake_target' from command line to 'None'
[0.600s] Level 5:colcon.colcon_core.verb:set package 'two_d_lidar_mapping_with_slam' build argument 'cmake_target_skip_unavailable' from command line to 'False'
[0.600s] Level 5:colcon.colcon_core.verb:set package 'two_d_lidar_mapping_with_slam' build argument 'cmake_clean_cache' from command line to 'False'
[0.600s] Level 5:colcon.colcon_core.verb:set package 'two_d_lidar_mapping_with_slam' build argument 'cmake_clean_first' from command line to 'False'
[0.600s] Level 5:colcon.colcon_core.verb:set package 'two_d_lidar_mapping_with_slam' build argument 'cmake_force_configure' from command line to 'False'
[0.600s] Level 5:colcon.colcon_core.verb:set package 'two_d_lidar_mapping_with_slam' build argument 'ament_cmake_args' from command line to 'None'
[0.600s] Level 5:colcon.colcon_core.verb:set package 'two_d_lidar_mapping_with_slam' build argument 'catkin_cmake_args' from command line to 'None'
[0.600s] Level 5:colcon.colcon_core.verb:set package 'two_d_lidar_mapping_with_slam' build argument 'catkin_skip_building_tests' from command line to 'False'
[0.600s] DEBUG:colcon.colcon_core.verb:Building package 'two_d_lidar_mapping_with_slam' with the following arguments: {'ament_cmake_args': None, 'build_base': '/home/maher/My_Projects/2D-LiDAR-Mapping-with-SLAM/build/two_d_lidar_mapping_with_slam', 'catkin_cmake_args': None, 'catkin_skip_building_tests': False, 'cmake_args': None, 'cmake_clean_cache': False, 'cmake_clean_first': False, 'cmake_force_configure': False, 'cmake_target': None, 'cmake_target_skip_unavailable': False, 'install_base': '/home/maher/My_Projects/2D-LiDAR-Mapping-with-SLAM/install/two_d_lidar_mapping_with_slam', 'merge_install': False, 'path': '/home/maher/My_Projects/2D-LiDAR-Mapping-with-SLAM', 'symlink_install': False, 'test_result_base': None}
[0.600s] INFO:colcon.colcon_core.executor:Executing jobs using 'parallel' executor
[0.601s] DEBUG:colcon.colcon_parallel_executor.executor.parallel:run_until_complete
[0.601s] INFO:colcon.colcon_ros.task.ament_python.build:Building ROS package in '/home/maher/My_Projects/2D-LiDAR-Mapping-with-SLAM' with build type 'ament_python'
[0.601s] Level 1:colcon.colcon_core.shell:create_environment_hook('two_d_lidar_mapping_with_slam', 'ament_prefix_path')
[0.606s] INFO:colcon.colcon_core.plugin_system:Skipping extension 'colcon_core.shell.bat': Not used on non-Windows systems
[0.606s] INFO:colcon.colcon_core.shell:Creating environment hook '/home/maher/My_Projects/2D-LiDAR-Mapping-with-SLAM/install/two_d_lidar_mapping_with_slam/share/two_d_lidar_mapping_with_slam/hook/ament_prefix_path.ps1'
[0.608s] INFO:colcon.colcon_core.shell:Creating environment descriptor '/home/maher/My_Projects/2D-LiDAR-Mapping-with-SLAM/install/two_d_lidar_mapping_with_slam/share/two_d_lidar_mapping_with_slam/hook/ament_prefix_path.dsv'
[0.608s] INFO:colcon.colcon_core.shell:Creating environment hook '/home/maher/My_Projects/2D-LiDAR-Mapping-with-SLAM/install/two_d_lidar_mapping_with_slam/share/two_d_lidar_mapping_with_slam/hook/ament_prefix_path.sh'
[0.609s] INFO:colcon.colcon_core.shell:Skip shell extension 'powershell' for command environment: Not usable outside of PowerShell
[0.609s] DEBUG:colcon.colcon_core.shell:Skip shell extension 'dsv' for command environment
[0.749s] INFO:colcon.colcon_core.task.python.build:Building Python package in '/home/maher/My_Projects/2D-LiDAR-Mapping-with-SLAM'
[0.749s] INFO:colcon.colcon_core.shell:Skip shell extension 'powershell' for command environment: Not usable outside of PowerShell
[0.749s] DEBUG:colcon.colcon_core.shell:Skip shell extension 'dsv' for command environment
[1.098s] DEBUG:colcon.colcon_core.event_handler.log_command:Invoking command in '/home/maher/My_Projects/2D-LiDAR-Mapping-with-SLAM': PYTHONPATH=/home/maher/My_Projects/2D-LiDAR-Mapping-with-SLAM/build/two_d_lidar_mapping_with_slam/prefix_override:/usr/lib/python3/dist-packages/colcon_core/task/python/colcon_distutils_commands:/home/maher/My_Projects/2D-LiDAR-Mapping-with-SLAM/install/two_d_lidar_mapping_with_slam/lib/python3.10/site-packages:${PYTHONPATH} /usr/bin/python3 -W ignore:setup.py install is deprecated -W ignore:easy_install command is deprecated setup.py egg_info --egg-base build/two_d_lidar_mapping_with_slam build --build-base /home/maher/My_Projects/2D-LiDAR-Mapping-with-SLAM/build/two_d_lidar_mapping_with_slam/build install --record /home/maher/My_Projects/2D-LiDAR-Mapping-with-SLAM/build/two_d_lidar_mapping_with_slam/install.log --single-version-externally-managed install_data
[1.254s] DEBUG:colcon.colcon_core.event_handler.log_command:Invoked command in '/home/maher/My_Projects/2D-LiDAR-Mapping-with-SLAM' returned '0': PYTHONPATH=/home/maher/My_Projects/2D-LiDAR-Mapping-with-SLAM/build/two_d_lidar_mapping_with_slam/prefix_override:/usr/lib/python3/dist-packages/colcon_core/task/python/colcon_distutils_commands:/home/maher/My_Projects/2D-LiDAR-Mapping-with-SLAM/install/two_d_lidar_mapping_with_slam/lib/python3.10/site-packages:${PYTHONPATH} /usr/bin/python3 -W ignore:setup.py install is deprecated -W ignore:easy_install command is deprecated setup.py egg_info --egg-base build/two_d_lidar_mapping_with_slam build --build-base /home/maher/My_Projects/2D-LiDAR-Mapping-with-SLAM/build/two_d_lidar_mapping_with_slam/build install --record /home/maher/My_Projects/2D-LiDAR-Mapping-with-SLAM/build/two_d_lidar_mapping_with_slam/install.log --single-version-externally-managed install_data
[1.258s] Level 1:colcon.colcon_core.environment:checking '/home/maher/My_Projects/2D-LiDAR-Mapping-with-SLAM/install/two_d_lidar_mapping_with_slam' for CMake module files
[1.258s] Level 1:colcon.colcon_core.environment:checking '/home/maher/My_Projects/2D-LiDAR-Mapping-with-SLAM/install/two_d_lidar_mapping_with_slam' for CMake config files
[1.259s] Level 1:colcon.colcon_core.environment:checking '/home/maher/My_Projects/2D-LiDAR-Mapping-with-SLAM/install/two_d_lidar_mapping_with_slam/lib'
[1.259s] Level 1:colcon.colcon_core.environment:checking '/home/maher/My_Projects/2D-LiDAR-Mapping-with-SLAM/install/two_d_lidar_mapping_with_slam/bin'
[1.259s] Level 1:colcon.colcon_core.environment:checking '/home/maher/My_Projects/2D-LiDAR-Mapping-with-SLAM/install/two_d_lidar_mapping_with_slam/lib/pkgconfig/two_d_lidar_mapping_with_slam.pc'
[1.259s] Level 1:colcon.colcon_core.environment:checking '/home/maher/My_Projects/2D-LiDAR-Mapping-with-SLAM/install/two_d_lidar_mapping_with_slam/lib/python3.10/site-packages'
[1.259s] Level 1:colcon.colcon_core.shell:create_environment_hook('two_d_lidar_mapping_with_slam', 'pythonpath')
[1.259s] INFO:colcon.colcon_core.shell:Creating environment hook '/home/maher/My_Projects/2D-LiDAR-Mapping-with-SLAM/install/two_d_lidar_mapping_with_slam/share/two_d_lidar_mapping_with_slam/hook/pythonpath.ps1'
[1.260s] INFO:colcon.colcon_core.shell:Creating environment descriptor '/home/maher/My_Projects/2D-LiDAR-Mapping-with-SLAM/install/two_d_lidar_mapping_with_slam/share/two_d_lidar_mapping_with_slam/hook/pythonpath.dsv'
[1.260s] INFO:colcon.colcon_core.shell:Creating environment hook '/home/maher/My_Projects/2D-LiDAR-Mapping-with-SLAM/install/two_d_lidar_mapping_with_slam/share/two_d_lidar_mapping_with_slam/hook/pythonpath.sh'
[1.260s] Level 1:colcon.colcon_core.environment:checking '/home/maher/My_Projects/2D-LiDAR-Mapping-with-SLAM/install/two_d_lidar_mapping_with_slam/bin'
[1.260s] Level 1:colcon.colcon_core.environment:create_environment_scripts_only(two_d_lidar_mapping_with_slam)
[1.261s] INFO:colcon.colcon_core.shell:Creating package script '/home/maher/My_Projects/2D-LiDAR-Mapping-with-SLAM/install/two_d_lidar_mapping_with_slam/share/two_d_lidar_mapping_with_slam/package.ps1'
[1.262s] INFO:colcon.colcon_core.shell:Creating package descriptor '/home/maher/My_Projects/2D-LiDAR-Mapping-with-SLAM/install/two_d_lidar_mapping_with_slam/share/two_d_lidar_mapping_with_slam/package.dsv'
[1.262s] INFO:colcon.colcon_core.shell:Creating package script '/home/maher/My_Projects/2D-LiDAR-Mapping-with-SLAM/install/two_d_lidar_mapping_with_slam/share/two_d_lidar_mapping_with_slam/package.sh'
[1.263s] INFO:colcon.colcon_core.shell:Creating package script '/home/maher/My_Projects/2D-LiDAR-Mapping-with-SLAM/install/two_d_lidar_mapping_with_slam/share/two_d_lidar_mapping_with_slam/package.bash'
[1.263s] INFO:colcon.colcon_core.shell:Creating package script '/home/maher/My_Projects/2D-LiDAR-Mapping-with-SLAM/install/two_d_lidar_mapping_with_slam/share/two_d_lidar_mapping_with_slam/package.zsh'
[1.264s] Level 1:colcon.colcon_core.environment:create_file_with_runtime_dependencies(/home/maher/My_Projects/2D-LiDAR-Mapping-with-SLAM/install/two_d_lidar_mapping_with_slam/share/colcon-core/packages/two_d_lidar_mapping_with_slam)
[1.265s] DEBUG:colcon.colcon_parallel_executor.executor.parallel:closing loop
[1.265s] DEBUG:colcon.colcon_parallel_executor.executor.parallel:loop closed
[1.265s] DEBUG:colcon.colcon_parallel_executor.executor.parallel:run_until_complete finished with '0'
[1.265s] DEBUG:colcon.colcon_core.event_reactor:joining thread
[1.305s] INFO:colcon.colcon_core.plugin_system:Skipping extension 'colcon_notification.desktop_notification.notify_send': Could not find 'notify-send'
[1.305s] INFO:colcon.colcon_core.plugin_system:Skipping extension 'colcon_notification.desktop_notification.terminal_notifier': Not used on non-Darwin systems
[1.305s] INFO:colcon.colcon_core.plugin_system:Skipping extension 'colcon_notification.desktop_notification.win32': Not used on non-Windows systems
[1.305s] INFO:colcon.colcon_notification.desktop_notification:Sending desktop notification using 'notify2'
[1.308s] DEBUG:colcon.colcon_notification.desktop_notification.notify2:Failed to initialize notify2: org.freedesktop.DBus.Error.ServiceUnknown: The name org.freedesktop.Notifications was not provided by any .service files
[1.308s] DEBUG:colcon.colcon_core.event_reactor:joined thread
[1.308s] INFO:colcon.colcon_core.shell:Creating prefix script '/home/maher/My_Projects/2D-LiDAR-Mapping-with-SLAM/install/local_setup.ps1'
[1.309s] INFO:colcon.colcon_core.shell:Creating prefix util module '/home/maher/My_Projects/2D-LiDAR-Mapping-with-SLAM/install/_local_setup_util_ps1.py'
[1.310s] INFO:colcon.colcon_core.shell:Creating prefix chain script '/home/maher/My_Projects/2D-LiDAR-Mapping-with-SLAM/install/setup.ps1'
[1.311s] INFO:colcon.colcon_core.shell:Creating prefix script '/home/maher/My_Projects/2D-LiDAR-Mapping-with-SLAM/install/local_setup.sh'
[1.312s] INFO:colcon.colcon_core.shell:Creating prefix util module '/home/maher/My_Projects/2D-LiDAR-Mapping-with-SLAM/install/_local_setup_util_sh.py'
[1.312s] INFO:colcon.colcon_core.shell:Creating prefix chain script '/home/maher/My_Projects/2D-LiDAR-Mapping-with-SLAM/install/setup.sh'
[1.313s] INFO:colcon.colcon_core.shell:Creating prefix script '/home/maher/My_Projects/2D-LiDAR-Mapping-with-SLAM/install/local_setup.bash'
[1.313s] INFO:colcon.colcon_core.shell:Creating prefix chain script '/home/maher/My_Projects/2D-LiDAR-Mapping-with-SLAM/install/setup.bash'
[1.314s] INFO:colcon.colcon_core.shell:Creating prefix script '/home/maher/My_Projects/2D-LiDAR-Mapping-with-SLAM/install/local_setup.zsh'
[1.314s] INFO:colcon.colcon_core.shell:Creating prefix chain script '/home/maher/My_Projects/2D-LiDAR-Mapping-with-SLAM/install/setup.zsh'
