running egg_info
creating build/two_d_lidar_mapping_with_slam/two_d_lidar_mapping_with_slam.egg-info
writing build/two_d_lidar_mapping_with_slam/two_d_lidar_mapping_with_slam.egg-info/PKG-INFO
writing dependency_links to build/two_d_lidar_mapping_with_slam/two_d_lidar_mapping_with_slam.egg-info/dependency_links.txt
writing entry points to build/two_d_lidar_mapping_with_slam/two_d_lidar_mapping_with_slam.egg-info/entry_points.txt
writing requirements to build/two_d_lidar_mapping_with_slam/two_d_lidar_mapping_with_slam.egg-info/requires.txt
writing top-level names to build/two_d_lidar_mapping_with_slam/two_d_lidar_mapping_with_slam.egg-info/top_level.txt
writing manifest file 'build/two_d_lidar_mapping_with_slam/two_d_lidar_mapping_with_slam.egg-info/SOURCES.txt'
reading manifest file 'build/two_d_lidar_mapping_with_slam/two_d_lidar_mapping_with_slam.egg-info/SOURCES.txt'
writing manifest file 'build/two_d_lidar_mapping_with_slam/two_d_lidar_mapping_with_slam.egg-info/SOURCES.txt'
running build
running install
running install_data
creating /home/maher/My_Projects/2D-LiDAR-Mapping-with-SLAM/install/two_d_lidar_mapping_with_slam/share/ament_index
creating /home/maher/My_Projects/2D-LiDAR-Mapping-with-SLAM/install/two_d_lidar_mapping_with_slam/share/ament_index/resource_index
creating /home/maher/My_Projects/2D-LiDAR-Mapping-with-SLAM/install/two_d_lidar_mapping_with_slam/share/ament_index/resource_index/packages
copying resource/two_d_lidar_mapping_with_slam -> /home/maher/My_Projects/2D-LiDAR-Mapping-with-SLAM/install/two_d_lidar_mapping_with_slam/share/ament_index/resource_index/packages
copying package.xml -> /home/maher/My_Projects/2D-LiDAR-Mapping-with-SLAM/install/two_d_lidar_mapping_with_slam/share/two_d_lidar_mapping_with_slam
creating /home/maher/My_Projects/2D-LiDAR-Mapping-with-SLAM/install/two_d_lidar_mapping_with_slam/share/two_d_lidar_mapping_with_slam/launch
copying launch/mapping.launch.py -> /home/maher/My_Projects/2D-LiDAR-Mapping-with-SLAM/install/two_d_lidar_mapping_with_slam/share/two_d_lidar_mapping_with_slam/launch
copying launch/odom_relay.py -> /home/maher/My_Projects/2D-LiDAR-Mapping-with-SLAM/install/two_d_lidar_mapping_with_slam/share/two_d_lidar_mapping_with_slam/launch
creating /home/maher/My_Projects/2D-LiDAR-Mapping-with-SLAM/install/two_d_lidar_mapping_with_slam/share/two_d_lidar_mapping_with_slam/config
copying config/ekf_odom_only.yaml -> /home/maher/My_Projects/2D-LiDAR-Mapping-with-SLAM/install/two_d_lidar_mapping_with_slam/share/two_d_lidar_mapping_with_slam/config
copying config/slam_toolbox_params.yaml -> /home/maher/My_Projects/2D-LiDAR-Mapping-with-SLAM/install/two_d_lidar_mapping_with_slam/share/two_d_lidar_mapping_with_slam/config
creating /home/maher/My_Projects/2D-LiDAR-Mapping-with-SLAM/install/two_d_lidar_mapping_with_slam/share/two_d_lidar_mapping_with_slam/scripts
copying scripts/run_mapping.sh -> /home/maher/My_Projects/2D-LiDAR-Mapping-with-SLAM/install/two_d_lidar_mapping_with_slam/share/two_d_lidar_mapping_with_slam/scripts
running install_egg_info
Copying build/two_d_lidar_mapping_with_slam/two_d_lidar_mapping_with_slam.egg-info to /home/maher/My_Projects/2D-LiDAR-Mapping-with-SLAM/install/two_d_lidar_mapping_with_slam/lib/python3.10/site-packages/two_d_lidar_mapping_with_slam-1.0.0-py3.10.egg-info
running install_scripts
writing list of installed files to '/home/maher/My_Projects/2D-LiDAR-Mapping-with-SLAM/build/two_d_lidar_mapping_with_slam/install.log'
