[0.496s] Invoking command in '/home/maher/My_Projects/2D-LiDAR-Mapping-with-SLAM': PYTHONPATH=/home/maher/My_Projects/2D-LiDAR-Mapping-with-SLAM/build/two_d_lidar_mapping_with_slam/prefix_override:/usr/lib/python3/dist-packages/colcon_core/task/python/colcon_distutils_commands:/home/maher/My_Projects/2D-LiDAR-Mapping-with-SLAM/install/two_d_lidar_mapping_with_slam/lib/python3.10/site-packages:${PYTHONPATH} /usr/bin/python3 -W ignore:setup.py install is deprecated -W ignore:easy_install command is deprecated setup.py egg_info --egg-base build/two_d_lidar_mapping_with_slam build --build-base /home/maher/My_Projects/2D-LiDAR-Mapping-with-SLAM/build/two_d_lidar_mapping_with_slam/build install --record /home/maher/My_Projects/2D-LiDAR-Mapping-with-SLAM/build/two_d_lidar_mapping_with_slam/install.log --single-version-externally-managed install_data
[0.621s] running egg_info
[0.622s] creating build/two_d_lidar_mapping_with_slam/two_d_lidar_mapping_with_slam.egg-info
[0.622s] writing build/two_d_lidar_mapping_with_slam/two_d_lidar_mapping_with_slam.egg-info/PKG-INFO
[0.622s] writing dependency_links to build/two_d_lidar_mapping_with_slam/two_d_lidar_mapping_with_slam.egg-info/dependency_links.txt
[0.622s] writing entry points to build/two_d_lidar_mapping_with_slam/two_d_lidar_mapping_with_slam.egg-info/entry_points.txt
[0.622s] writing requirements to build/two_d_lidar_mapping_with_slam/two_d_lidar_mapping_with_slam.egg-info/requires.txt
[0.623s] writing top-level names to build/two_d_lidar_mapping_with_slam/two_d_lidar_mapping_with_slam.egg-info/top_level.txt
[0.623s] writing manifest file 'build/two_d_lidar_mapping_with_slam/two_d_lidar_mapping_with_slam.egg-info/SOURCES.txt'
[0.623s] reading manifest file 'build/two_d_lidar_mapping_with_slam/two_d_lidar_mapping_with_slam.egg-info/SOURCES.txt'
[0.624s] writing manifest file 'build/two_d_lidar_mapping_with_slam/two_d_lidar_mapping_with_slam.egg-info/SOURCES.txt'
[0.624s] running build
[0.624s] running install
[0.624s] running install_data
[0.624s] creating /home/maher/My_Projects/2D-LiDAR-Mapping-with-SLAM/install/two_d_lidar_mapping_with_slam/share/ament_index
[0.624s] creating /home/maher/My_Projects/2D-LiDAR-Mapping-with-SLAM/install/two_d_lidar_mapping_with_slam/share/ament_index/resource_index
[0.624s] creating /home/maher/My_Projects/2D-LiDAR-Mapping-with-SLAM/install/two_d_lidar_mapping_with_slam/share/ament_index/resource_index/packages
[0.624s] copying resource/two_d_lidar_mapping_with_slam -> /home/maher/My_Projects/2D-LiDAR-Mapping-with-SLAM/install/two_d_lidar_mapping_with_slam/share/ament_index/resource_index/packages
[0.624s] copying package.xml -> /home/maher/My_Projects/2D-LiDAR-Mapping-with-SLAM/install/two_d_lidar_mapping_with_slam/share/two_d_lidar_mapping_with_slam
[0.625s] creating /home/maher/My_Projects/2D-LiDAR-Mapping-with-SLAM/install/two_d_lidar_mapping_with_slam/share/two_d_lidar_mapping_with_slam/launch
[0.625s] copying launch/mapping.launch.py -> /home/maher/My_Projects/2D-LiDAR-Mapping-with-SLAM/install/two_d_lidar_mapping_with_slam/share/two_d_lidar_mapping_with_slam/launch
[0.625s] copying launch/odom_relay.py -> /home/maher/My_Projects/2D-LiDAR-Mapping-with-SLAM/install/two_d_lidar_mapping_with_slam/share/two_d_lidar_mapping_with_slam/launch
[0.625s] creating /home/maher/My_Projects/2D-LiDAR-Mapping-with-SLAM/install/two_d_lidar_mapping_with_slam/share/two_d_lidar_mapping_with_slam/config
[0.625s] copying config/ekf_odom_only.yaml -> /home/maher/My_Projects/2D-LiDAR-Mapping-with-SLAM/install/two_d_lidar_mapping_with_slam/share/two_d_lidar_mapping_with_slam/config
[0.626s] copying config/slam_toolbox_params.yaml -> /home/maher/My_Projects/2D-LiDAR-Mapping-with-SLAM/install/two_d_lidar_mapping_with_slam/share/two_d_lidar_mapping_with_slam/config
[0.626s] creating /home/maher/My_Projects/2D-LiDAR-Mapping-with-SLAM/install/two_d_lidar_mapping_with_slam/share/two_d_lidar_mapping_with_slam/scripts
[0.626s] copying scripts/run_mapping.sh -> /home/maher/My_Projects/2D-LiDAR-Mapping-with-SLAM/install/two_d_lidar_mapping_with_slam/share/two_d_lidar_mapping_with_slam/scripts
[0.626s] running install_egg_info
[0.628s] Copying build/two_d_lidar_mapping_with_slam/two_d_lidar_mapping_with_slam.egg-info to /home/maher/My_Projects/2D-LiDAR-Mapping-with-SLAM/install/two_d_lidar_mapping_with_slam/lib/python3.10/site-packages/two_d_lidar_mapping_with_slam-1.0.0-py3.10.egg-info
[0.629s] running install_scripts
[0.639s] writing list of installed files to '/home/maher/My_Projects/2D-LiDAR-Mapping-with-SLAM/build/two_d_lidar_mapping_with_slam/install.log'
[0.652s] Invoked command in '/home/maher/My_Projects/2D-LiDAR-Mapping-with-SLAM' returned '0': PYTHONPATH=/home/maher/My_Projects/2D-LiDAR-Mapping-with-SLAM/build/two_d_lidar_mapping_with_slam/prefix_override:/usr/lib/python3/dist-packages/colcon_core/task/python/colcon_distutils_commands:/home/maher/My_Projects/2D-LiDAR-Mapping-with-SLAM/install/two_d_lidar_mapping_with_slam/lib/python3.10/site-packages:${PYTHONPATH} /usr/bin/python3 -W ignore:setup.py install is deprecated -W ignore:easy_install command is deprecated setup.py egg_info --egg-base build/two_d_lidar_mapping_with_slam build --build-base /home/maher/My_Projects/2D-LiDAR-Mapping-with-SLAM/build/two_d_lidar_mapping_with_slam/build install --record /home/maher/My_Projects/2D-LiDAR-Mapping-with-SLAM/build/two_d_lidar_mapping_with_slam/install.log --single-version-externally-managed install_data
